Circuit: *** SPICE deck for cell XOR_AOI{sch} from library bai_4

Ignoring BSIM parameter XL
Ignoring BSIM parameter XW
Ignoring BSIM parameter XL
Ignoring BSIM parameter XW
WARNING: Node V2_MINUS is floating.

WARNING: Less than two connections to node V2_MINUS.  This node is used by VV2.
Warning: Pd = 0 is less than W.
Warning: Ps = 0 is less than W.
Warning: Pd = 0 is less than W.
Warning: Ps = 0 is less than W.
Warning: Pd = 0 is less than W.
Warning: Ps = 0 is less than W.
Warning: Pd = 0 is less than W.
Warning: Ps = 0 is less than W.
Direct Newton iteration for .op point succeeded.

Date: Thu Nov 13 22:19:44 2025
Total elapsed time: 0.044 seconds.

tnom = 27
temp = 27
method = trap
totiter = 10
traniter = 0
tranpoints = 0
accept = 0
rejected = 0
matrix size = 12
fillins = 11
solver = Normal
Matrix Compiler1:      82 opcodes
Matrix Compiler2: 1.44 KB object code size
