Circuit: *** SPICE deck for cell currentMirror_FF{sch} from library bai_5

Ignoring BSIM parameter XL
Ignoring BSIM parameter XW
Ignoring BSIM parameter ACM
Ignoring BSIM parameter LDIF
Ignoring BSIM parameter HDIF
Ignoring BSIM parameter TLEV
Ignoring BSIM parameter TLEVC
Ignoring BSIM parameter CALCACM
Ignoring BSIM parameter SFVTFLAGl
Ignoring BSIM parameter XL
Ignoring BSIM parameter XW
Ignoring BSIM parameter ACM
Ignoring BSIM parameter LDIF
Ignoring BSIM parameter HDIF
Ignoring BSIM parameter TLEV
Ignoring BSIM parameter TLEVC
Ignoring BSIM parameter CALCACM
Ignoring BSIM parameter SFVTFLAGl
WARNING: Less than two connections to node M1_D.  This node is used by MM1.
Warning: Pd = 0 is less than W.
Warning: Ps = 0 is less than W.
Warning: Pd = 0 is less than W.
Warning: Ps = 0 is less than W.
Direct Newton iteration for .op point succeeded.
Semiconductor Device Operating Points:
                        --- BSIM3 MOSFETS ---
Name:        mm2         mm1
Model:      nch.6      nch.12
Id:        4.89e-04    0.00e+00
Vgs:       1.70e+00    1.70e+00
Vds:       1.85e-01    2.62e-17
Vbs:       0.00e+00    0.00e+00
Vth:       4.18e-01    4.05e-01
Vdsat:     5.44e-01    5.43e-01
Gm:        2.19e-04    0.00e+00
Gds:       2.09e-03    7.04e-04
Gmb        1.08e-04    0.00e+00
Cbd:       0.00e+00    0.00e+00
Cbs:       0.00e+00    0.00e+00
Cgsov:     7.62e-16    1.46e-16
Cgdov:     7.62e-16    1.46e-16
Cgbov:     3.67e-17    3.67e-17
dQgdVgb:   4.95e-15    9.86e-16
dQgdVdb:  -2.21e-15   -4.71e-16
dQgdVsb:  -2.61e-15   -4.56e-16
dQddVgb:  -2.39e-15   -4.74e-16
dQddVdb:   4.91e-15    1.00e-15
dQddVsb:  -2.13e-15   -4.38e-16
dQbdVgb:  -6.94e-17   -3.79e-17
dQbdVdb:  -1.31e-15   -2.45e-16
dQbdVsb:   3.18e-16    4.36e-17



Date: Fri Nov 14 16:03:06 2025
Total elapsed time: 3.341 seconds.

tnom = 27
temp = 27
method = trap
totiter = 11
traniter = 0
tranpoints = 0
accept = 0
rejected = 0
matrix size = 5
fillins = 0
solver = Normal
Matrix Compiler1: 168 bytes object code size
Matrix Compiler2: 355 bytes object code size
