Circuit: *** SPICE deck for cell currentMirror_noiseTT{sch} from library bai_5

Ignoring BSIM parameter XL
Ignoring BSIM parameter XW
Ignoring BSIM parameter ACM
Ignoring BSIM parameter LDIF
Ignoring BSIM parameter HDIF
Ignoring BSIM parameter TLEV
Ignoring BSIM parameter TLEVC
Ignoring BSIM parameter CALCACM
Ignoring BSIM parameter SFVTFLAGl
Ignoring BSIM parameter XL
Ignoring BSIM parameter XW
Ignoring BSIM parameter ACM
Ignoring BSIM parameter LDIF
Ignoring BSIM parameter HDIF
Ignoring BSIM parameter TLEV
Ignoring BSIM parameter TLEVC
Ignoring BSIM parameter CALCACM
Ignoring BSIM parameter SFVTFLAGl
Warning: Pd = 0 is less than W.
Warning: Ps = 0 is less than W.
Warning: Pd = 0 is less than W.
Warning: Ps = 0 is less than W.
Direct Newton iteration for .op point succeeded.

Date: Fri Nov 14 20:51:35 2025
Total elapsed time: 0.093 seconds.

tnom = 27
temp = 27
method = trap
totiter = 5
traniter = 0
tranpoints = 0
accept = 0
rejected = 0
matrix size = 4
fillins = 0
solver = Normal
Matrix Compiler1:       7 opcodes
Matrix Compiler2: 282 bytes object code size
