Circuit: *** SPICE deck for cell inv{sch} from library bai_4

Ignoring BSIM parameter XL
Ignoring BSIM parameter XW
Ignoring BSIM parameter XL
Ignoring BSIM parameter XW
Warning: Pd = 0 is less than W.
Warning: Ps = 0 is less than W.
Warning: Pd = 0 is less than W.
Warning: Ps = 0 is less than W.
Direct Newton iteration for .op point succeeded.

fcut: v(output)=1/sqrt(2) AT 3.04564e+010


Date: Fri Nov 14 20:58:50 2025
Total elapsed time: 0.078 seconds.

tnom = 27
temp = 27
method = trap
totiter = 10
traniter = 0
tranpoints = 0
accept = 0
rejected = 0
matrix size = 5
fillins = 0
solver = Normal
Matrix Compiler1:      12 opcodes
Matrix Compiler2: 311 bytes object code size
