Circuit: *** SPICE deck for cell current_mirror{lay} from library bai_7

Ignoring BSIM parameter XL
Ignoring BSIM parameter XW
WARNING: Node NET@1#2M2_POLY-LEFT is floating.

Direct Newton iteration for .op point succeeded.

Date: Wed Feb 04 21:29:16 2026
Total elapsed time: 0.007 seconds.

tnom = 27
temp = 27
method = trap
totiter = 4
traniter = 0
tranpoints = 0
accept = 0
rejected = 0
matrix size = 24
fillins = 0
solver = Normal
Matrix Compiler1:      61 opcodes
Matrix Compiler2: 1.66 KB object code size
