Circuit: *** SPICE deck for cell current_mirror_op{sch} from library bai_7

Ignoring BSIM parameter XL
Ignoring BSIM parameter XW
Warning: Pd = 0 is less than W.
Warning: Ps = 0 is less than W.
Warning: Pd = 0 is less than W.
Warning: Ps = 0 is less than W.
Direct Newton iteration for .op point succeeded.
Semiconductor Device Operating Points:
                        --- BSIM3 MOSFETS ---
Name:        mm2         mm1
Model:      nmos        nmos
Id:        5.16e-04    1.01e-04
Vgs:       1.45e+00    1.45e+00
Vds:       3.52e-01    1.45e+00
Vbs:       0.00e+00    0.00e+00
Vth:       6.06e-01    7.18e-01
Vdsat:     4.67e-01    4.06e-01
Gm:        6.80e-04    2.19e-04
Gds:       9.65e-04    7.81e-06
Gmb        1.83e-04    5.48e-05
Cbd:       0.00e+00    0.00e+00
Cbs:       0.00e+00    0.00e+00
Cgsov:     2.90e-15    5.01e-16
Cgdov:     2.90e-15    5.01e-16
Cgbov:     5.28e-16    5.28e-16
dQgdVgb:   2.40e-14    4.24e-15
dQgdVdb:  -7.12e-15   -4.81e-16
dQgdVsb:  -1.39e-14   -2.76e-15
dQddVgb:  -1.12e-14   -1.60e-15
dQddVdb:   6.55e-15    4.88e-16
dQddVsb:   6.90e-15    1.43e-15
dQbdVgb:  -1.56e-15   -1.04e-15
dQbdVdb:  -3.09e-15    6.14e-18
dQbdVsb:  -2.80e-15   -6.09e-16



Date: Wed Feb 04 20:53:25 2026
Total elapsed time: 0.040 seconds.

tnom = 27
temp = 27
method = trap
totiter = 8
traniter = 0
tranpoints = 0
accept = 0
rejected = 0
matrix size = 4
fillins = 0
solver = Normal
Matrix Compiler1: 118 bytes object code size
Matrix Compiler2: 282 bytes object code size
