Circuit: *** SPICE deck for cell inv{lay} from library bai_7

Ignoring BSIM parameter XL
Ignoring BSIM parameter XW
Ignoring BSIM parameter XL
Ignoring BSIM parameter XW
Direct Newton iteration for .op point succeeded.

tmp: MAX(mag(v(b)))=(-60.4823dB,0°) FROM 10 TO 1e+010
fcut: mag(v(b))=tmp/sqrt(2) AT 213.295


Date: Wed Feb 04 15:17:21 2026
Total elapsed time: 0.150 seconds.

tnom = 27
temp = 27
method = trap
totiter = 7
traniter = 0
tranpoints = 0
accept = 0
rejected = 0
matrix size = 11
fillins = 0
solver = Normal
Matrix Compiler1:      27 opcodes
Matrix Compiler2: 807 bytes object code size
