Circuit: *** SPICE deck for cell current_mirror{sch} from library bai_3

Ignoring BSIM parameter XL
Ignoring BSIM parameter XW
WARNING: Less than two connections to node M1_D.  This node is used by MM1.
Warning: Pd = 0 is less than W.
Warning: Ps = 0 is less than W.
Warning: Pd = 0 is less than W.
Warning: Ps = 0 is less than W.
Direct Newton iteration for .op point succeeded.
Semiconductor Device Operating Points:
                        --- BSIM3 MOSFETS ---
Name:        mm2         mm1
Model:      nmos        nmos
Id:        5.32e-04    0.00e+00
Vgs:       2.50e+00    2.50e+00
Vds:       1.97e+00    7.98e-19
Vbs:       0.00e+00    0.00e+00
Vth:       6.72e-01    3.98e+00
Vdsat:     7.54e-01    3.54e-02
Gm:        3.76e-04    0.00e+00
Gds:       2.49e-05    1.43e-24
Gmb        7.99e-05    0.00e+00
Cbd:       0.00e+00    0.00e+00
Cbs:       0.00e+00    0.00e+00
Cgsov:     6.81e-16    2.11e-17
Cgdov:     6.81e-16    2.11e-17
Cgbov:     5.28e-16    5.28e-16
dQgdVgb:   5.55e-15    6.73e-16
dQgdVdb:  -6.55e-16   -2.11e-17
dQgdVsb:  -3.87e-15   -2.11e-17
dQddVgb:  -2.17e-15   -2.11e-17
dQddVdb:   6.64e-16    2.11e-17
dQddVsb:   1.94e-15   -1.11e-31
dQbdVgb:  -1.21e-15   -6.31e-16
dQbdVdb:   7.31e-18   -1.11e-31
dQbdVsb:  -6.93e-16    3.43e-20



Date: Thu Nov 06 22:40:35 2025
Total elapsed time: 0.016 seconds.

tnom = 27
temp = 27
method = trap
totiter = 6
traniter = 0
tranpoints = 0
accept = 0
rejected = 0
matrix size = 5
fillins = 0
solver = Normal
Matrix Compiler1: 168 bytes object code size
Matrix Compiler2: 355 bytes object code size
