Circuit: *** SPICE deck for cell inv{sch} from library bai_3

Ignoring BSIM parameter XL
Ignoring BSIM parameter XW
Ignoring BSIM parameter XL
Ignoring BSIM parameter XW
Warning: Pd = 0 is less than W.
Warning: Ps = 0 is less than W.
Warning: Pd = 0 is less than W.
Warning: Ps = 0 is less than W.

Date: Thu Nov 06 09:57:04 2025
Total elapsed time: 0.040 seconds.

tnom = 27
temp = 27
method = trap
totiter = 135
traniter = 0
tranpoints = 0
accept = 0
rejected = 0
matrix size = 5
fillins = 0
solver = Normal
Matrix Compiler1:      12 opcodes  0.1/[0.0]/0.0
Matrix Compiler2: 311 bytes object code size  0.0/0.1/[0.0]

